
> college-search@0.1.0 build
> WRANGLER_LOG_PATH=.wrangler/wrangler.log vinext build


  vinext build  (Vite 8.2.1)

[1/5] analyze client references...
[2Ktransforming...✓ 410 modules transformed.
rendering chunks...
✓ built in 6.80s
[33m[PLUGIN_TIMINGS] [0mYour build spent 82% of 6.8s inside plugin hooks (5.5s).
Not measurable — 9 hooks whose calls overlap, so elapsed time covers work other calls were doing. Profile with `node --cpu-prof`:
  - rsc:virtual-client-package resolveId (1406 calls)
  - alias resolveId (1568 calls)
  - vinext:og-inline-fetch-assets resolveId (1400 calls)
  … and 6 more
See https://rolldown.rs/reference/InputOptions.checks#plugintimings for more details.

[2/5] analyze server references...
[2Ktransforming...✓ 830 modules transformed.
rendering chunks...
✓ built in 7.09s
[33m[PLUGIN_TIMINGS] [0mYour build spent 61% of 7.1s inside plugin hooks (4.3s).
Measured inside the callback, so queue time is excluded and time the callback itself awaited is not:
  - vinext:validate-middleware-exports transform (42%, 3.0s, 830 calls)
Those rows are 42% of the build; the rest of the 61% is below.
Not measurable — 2 hooks whose calls overlap, so elapsed time covers work other calls were doing. Profile with `node --cpu-prof`:
  - alias resolveId (2399 calls)
  - vinext:og-inline-fetch-assets resolveId (2196 calls)
See https://rolldown.rs/reference/InputOptions.checks#plugintimings for more details.

[3/5] build rsc environment...
[2Ktransforming...✓ 402 modules transformed.
rendering chunks...
computing gzip size...
✓ built in 2.58s
[4/5] build client environment...
[2Ktransforming...✓ 2532 modules transformed.
rendering chunks...
computing gzip size...
✓ built in 18.15s
[33m[PLUGIN_TIMINGS] [0mYour build spent 37% of 18.1s inside plugin hooks (6.7s).
Measured inside the callback, so queue time is excluded and time the callback itself awaited is not:
  - vinext:validate-middleware-exports transform (15%, 2.8s, 2532 calls)
  - vite:prepare-out-dir renderStart (13%, 2.3s, 1 call)
Those rows are 28% of the build; the rest of the 37% is below.
Not measurable — 2 hooks whose calls overlap, so elapsed time covers work other calls were doing. Profile with `node --cpu-prof`:
  - vinext:og-inline-fetch-assets resolveId (7340 calls)
  - alias resolveId (7561 calls)
See https://rolldown.rs/reference/InputOptions.checks#plugintimings for more details.

[5/5] build ssr environment...
[2Ktransforming...✓ 829 modules transformed.
rendering chunks...
computing gzip size...
✓ built in 6.61s
[33m[PLUGIN_TIMINGS] [0mYour build spent 21% of 6.6s inside plugin hooks (1.4s).
Not measurable — 3 hooks whose calls overlap, so elapsed time covers work other calls were doing. Profile with `node --cpu-prof`:
  - alias resolveId (2363 calls)
  - vinext:og-inline-fetch-assets resolveId (2158 calls)
  - vinext:optimize-imports transform (564 calls)
See https://rolldown.rs/reference/InputOptions.checks#plugintimings for more details.

[0m
  Route (app)
  ┌ ? /                      
  ├ ? /account               
  ├ λ /api/account           
  ├ ? /auth/auth-code-error  
  ├ λ /auth/callback         
  ├ λ /auth/recovery-callback
  ├ ? /auth/update-password  
  ├ ? /chances               
  ├ ƒ /colleges/:slug        
  ├ ? /compare               
  ├ ƒ /data-health           
  ├ ? /data-sources          
  ├ ? /explore               
  ├ ? /majors                
  ├ ƒ /majors/:slug          
  ├ ? /match                 
  ├ ? /methodology           
  ├ ? /plan                  
  ├ ? /privacy               
  └ ? /saved                 

  λ API  ƒ Dynamic  ? Unknown

  ? Some routes could not be classified. vinext currently uses static analysis
    and cannot detect dynamic API usage (headers(), cookies(), etc.) at build time.
    Automatic classification will be improved in a future release.

  Build complete. Run `vinext start` to start the production server.

