
> college-search@0.1.0 build
> WRANGLER_LOG_PATH=.wrangler/wrangler.log vinext build


  vinext build  (Vite 8.2.1)

[1/5] analyze client references...
[2Ktransforming...✓ 400 modules transformed.
rendering chunks...
✓ built in 5.79s
[33m[PLUGIN_TIMINGS] [0mYour build spent 84% of 5.7s inside plugin hooks (4.8s).
Not measurable — 9 hooks whose calls overlap, so elapsed time covers work other calls were doing. Profile with `node --cpu-prof`:
  - rsc:virtual-client-package resolveId (1360 calls)
  - alias resolveId (1519 calls)
  - vinext:og-inline-fetch-assets resolveId (1359 calls)
  … and 6 more
See https://rolldown.rs/reference/InputOptions.checks#plugintimings for more details.

[2/5] analyze server references...
[2Ktransforming...✓ 809 modules transformed.
rendering chunks...
✓ built in 4.73s
[33m[PLUGIN_TIMINGS] [0mYour build spent 54% of 4.7s inside plugin hooks (2.5s).
Measured inside the callback, so queue time is excluded and time the callback itself awaited is not:
  - vinext:validate-middleware-exports transform (37%, 1.7s, 809 calls)
Those rows are 37% of the build; the rest of the 54% is below.
Not measurable — 3 hooks whose calls overlap, so elapsed time covers work other calls were doing. Profile with `node --cpu-prof`:
  - vinext:og-inline-fetch-assets resolveId (2125 calls)
  - alias resolveId (2319 calls)
  - vinext:optimize-imports transform (557 calls)
See https://rolldown.rs/reference/InputOptions.checks#plugintimings for more details.

[3/5] build rsc environment...
[2Ktransforming...✓ 392 modules transformed.
rendering chunks...
computing gzip size...
✓ built in 2.04s
[4/5] build client environment...
[2Ktransforming...✓ 2515 modules transformed.
rendering chunks...
computing gzip size...
✓ built in 27.69s
[33m[PLUGIN_TIMINGS] [0mYour build spent 32% of 27.7s inside plugin hooks (8.7s).
Measured inside the callback, so queue time is excluded and time the callback itself awaited is not:
  - vite:prepare-out-dir renderStart (20%, 5.4s, 1 call)
  - vinext:validate-middleware-exports transform (4%, 1.1s, 2515 calls)
Those rows are 24% of the build; the rest of the 32% is below.
Not measurable — 2 hooks whose calls overlap, so elapsed time covers work other calls were doing. Profile with `node --cpu-prof`:
  - vinext:og-inline-fetch-assets resolveId (7282 calls)
  - alias resolveId (7492 calls)
See https://rolldown.rs/reference/InputOptions.checks#plugintimings for more details.

[5/5] build ssr environment...
[2Ktransforming...✓ 808 modules transformed.
rendering chunks...
computing gzip size...
✓ built in 6.72s
[33m[PLUGIN_TIMINGS] [0mYour build spent 21% of 6.7s inside plugin hooks (1.4s).
Not measurable — 3 hooks whose calls overlap, so elapsed time covers work other calls were doing. Profile with `node --cpu-prof`:
  - vinext:og-inline-fetch-assets resolveId (2087 calls)
  - alias resolveId (2283 calls)
  - vinext:optimize-imports transform (551 calls)
See https://rolldown.rs/reference/InputOptions.checks#plugintimings for more details.

[0m
  Route (app)
  ┌ ? /                      
  ├ ? /account               
  ├ λ /api/account           
  ├ ? /auth/auth-code-error  
  ├ λ /auth/callback         
  ├ λ /auth/recovery-callback
  ├ ? /auth/update-password  
  ├ ? /chances               
  ├ ƒ /colleges/:slug        
  ├ ? /compare               
  ├ ? /data-health           
  ├ ? /data-sources          
  ├ ? /explore               
  ├ ? /majors                
  ├ ƒ /majors/:slug          
  ├ ? /match                 
  ├ ? /methodology           
  ├ ? /privacy               
  └ ? /saved                 

  λ API  ƒ Dynamic  ? Unknown

  ? Some routes could not be classified. vinext currently uses static analysis
    and cannot detect dynamic API usage (headers(), cookies(), etc.) at build time.
    Automatic classification will be improved in a future release.

  Build complete. Run `vinext start` to start the production server.

